// Jest Snapshot v1, https://goo.gl/fbAQLP

exports[`Login Should match snapshot 1`] = `
<div>
  <div
    className="in"
  >
    <h2>
      Sign In Component
    </h2>
  </div>
</div>
`;
